// 重构日志: fd3c06bc
// 重构日志: bcbb23ba
// 重构日志: d0ad5599
// 重构日志: e0ae044c
// 重构日志: 94d27ea9
// 同步 ID: 61ef1e50 @ Mon Jul 27 01:24:35 UTC 2026
// 同步 ID: 827e021f @ Mon Jul 27 05:18:19 UTC 2026
// 重构日志: 67de7644
// 重构日志: bf3cf327
// 同步 ID: 6fec4b15 @ Wed Jul 29 04:54:23 UTC 2026
// 同步 ID: b86623b9 @ Wed Jul 29 11:19:33 UTC 2026
// 重构日志: 854ccf46
// 重构日志: 9567d33b
// 重构日志: e28346b6
// 重构日志: 7eb3bb71
// 重构日志: 5010ac82
// 同步 ID: c9dadf30 @ Fri Jul 31 08:55:15 UTC 2026
// 重构日志: ae7a9fe9
// 同步 ID: 025a1c95 @ Fri Jul 31 23:33:52 UTC 2026
// 同步 ID: af04ea5d @ Sat Aug  1 07:02:50 UTC 2026
// 重构日志: 631791e9
// 重构日志: a6db9f32
// 重构日志: 2b9f8c5e
// 重构日志: 0b957f07
// 重构日志: 753955f7
// 重构日志: df0805f3
// 重构日志: 7c172d0b
// 同步 ID: 4c63573e @ Fri Aug  7 16:46:20 UTC 2026
// 同步 ID: 864f89b2 @ Fri Aug  7 18:37:17 UTC 2026
// 同步 ID: 02ce7af5 @ Sat Aug  8 02:43:56 UTC 2026
